******************************************************************************
                  MSP430 Linker PC v21.6.1                     
******************************************************************************
>> Linked Wed Oct 30 01:14:31 2024

OUTPUT FILE NAME:   <Template.out>
ENTRY POINT SYMBOL: "_c_int00_noinit_noargs"  address: 0000d4c2


MEMORY CONFIGURATION

         name            origin    length      used     unused   attr    fill
----------------------  --------  ---------  --------  --------  ----  --------
  SFR                   00000000   00000010  00000000  00000010  RWIX
  PERIPHERALS_8BIT      00000010   000000f0  00000000  000000f0  RWIX
  PERIPHERALS_16BIT     00000100   00000100  00000000  00000100  RWIX
  RAM                   00000200   00000200  00000050  000001b0  RWIX
  INFOD                 00001000   00000040  00000000  00000040  RWIX
  INFOC                 00001040   00000040  00000000  00000040  RWIX
  INFOB                 00001080   00000040  00000000  00000040  RWIX
  INFOA                 000010c0   00000040  00000000  00000040  RWIX
  FLASH                 0000c000   00003fde  000015b2  00002a2c  RWIX
  BSLSIGNATURE          0000ffde   00000002  00000002  00000000  RWIX  ffff 
  INT00                 0000ffe0   00000002  00000002  00000000  RWIX
  INT01                 0000ffe2   00000002  00000000  00000002  RWIX
  INT02                 0000ffe4   00000002  00000002  00000000  RWIX
  INT03                 0000ffe6   00000002  00000002  00000000  RWIX
  INT04                 0000ffe8   00000002  00000000  00000002  RWIX
  INT05                 0000ffea   00000002  00000002  00000000  RWIX
  INT06                 0000ffec   00000002  00000002  00000000  RWIX
  INT07                 0000ffee   00000002  00000002  00000000  RWIX
  INT08                 0000fff0   00000002  00000002  00000000  RWIX
  INT09                 0000fff2   00000002  00000002  00000000  RWIX
  INT10                 0000fff4   00000002  00000002  00000000  RWIX
  INT11                 0000fff6   00000002  00000002  00000000  RWIX
  INT12                 0000fff8   00000002  00000002  00000000  RWIX
  INT13                 0000fffa   00000002  00000002  00000000  RWIX
  INT14                 0000fffc   00000002  00000002  00000000  RWIX
  RESET                 0000fffe   00000002  00000002  00000000  RWIX


SECTION ALLOCATION MAP

 output                                  attributes/
section   page    origin      length       input sections
--------  ----  ----------  ----------   ----------------
.stack     0    000003b0    00000050     UNINITIALIZED
                  000003b0    00000002     rts430_eabi.lib : boot.c.obj (.stack)
                  000003b2    0000004e     --HOLE--

.text      0    0000c000    00001588     
                  0000c000    00000478     rts430_eabi.lib : frcdivd.c.obj (.text:__TI_frcdivd)
                  0000c478    000002c0                     : mpyd.c.obj (.text:__mspabi_mpyd)
                  0000c738    00000232                     : divd.c.obj (.text:__mspabi_divd)
                  0000c96a    00000172                     : frcmpyd.c.obj (.text:__TI_frcmpyd)
                  0000cadc    00000116                     : _printfi.c.obj (.text:__TI_printfi_minimal:_setfield___TI_printfi_minimal)
                  0000cbf2    00000114                     : mult64.asm.obj (.text:__mpyll)
                  0000cd06    000000ec                     : _printfi.c.obj (.text:__TI_printfi_minimal:__TI_printfi_minimal)
                  0000cdf2    000000ca                     : _printfi.c.obj (.text:__TI_printfi_minimal:_pproc_diouxp___TI_printfi_minimal)
                  0000cebc    000000b4                     : cvtdf.c.obj (.text:__mspabi_cvtdf)
                  0000cf70    0000008a                     : fltuld.c.obj (.text:__mspabi_fltuld)
                  0000cffa    0000007c     main.obj (.text:main)
                  0000d076    00000070     rts430_eabi.lib : cvtfd.c.obj (.text:__mspabi_cvtfd)
                  0000d0e6    0000005c                     : lsr32.asm.obj (.text:l_lsr_const)
                  0000d142    0000004c     Serial.obj (.text:Serial_Init)
                  0000d18e    0000004c     rts430_eabi.lib : lsr16.asm.obj (.text)
                  0000d1da    00000046     ADC.obj (.text:ADC_Init)
                  0000d220    00000046     rts430_eabi.lib : lsr64.c.obj (.text:__mspabi_srlll)
                  0000d266    00000044                     : lsl64.c.obj (.text:__mspabi_sllll)
                  0000d2aa    0000003e                     : asr32.asm.obj (.text:l_asr_const)
                  0000d2e8    0000003e                     : lsl32.asm.obj (.text:l_lsl_const)
                  0000d326    00000038     ADC.obj (.text:TimerA_Init)
                  0000d35e    00000034     rts430_eabi.lib : vsprintf.c.obj (.text:vsprintf)
                  0000d392    0000002c                     : asr16.asm.obj (.text)
                  0000d3be    0000002c                     : lsl16.asm.obj (.text)
                  0000d3ea    00000026                     : mult32.asm.obj (.text)
                  0000d410    00000022                     : mult1632.asm.obj (.text:__mpyul)
                  0000d432    00000022                     : memccpy.c.obj (.text:memccpy)
                  0000d454    00000020     Serial.obj (.text:Serial_printf)
                  0000d474    0000001e     rts430_eabi.lib : mult3264.asm.obj (.text:__mpyull)
                  0000d492    0000001a                     : vsprintf.c.obj (.text:_outs)
                  0000d4ac    00000016                     : div16u.asm.obj (.text)
                  0000d4c2    00000014                     : boot.c.obj (.text:_c_int00_noinit_noargs)
                  0000d4d6    00000014                     : memset.c.obj (.text:memset)
                  0000d4ea    00000014                     : mult16.asm.obj (.text)
                  0000d4fe    00000012     Serial.obj (.text:Serial_SendByte)
                  0000d510    00000012     Serial.obj (.text:Serial_SendString)
                  0000d522    00000012     rts430_eabi.lib : vsprintf.c.obj (.text:_outc)
                  0000d534    00000012                     : memcpy.c.obj (.text:memcpy)
                  0000d546    00000010                     : epilog.asm.obj (.text)
                  0000d556    0000000e                     : strlen.c.obj (.text:strlen)
                  0000d564    0000000c     Serial.obj (.text:USCI0RX_ISR)
                  0000d570    00000008     rts430_eabi.lib : isr_trap.asm.obj (.text:_isr:__TI_ISR_TRAP)
                  0000d578    00000006                     : fltud.c.obj (.text:__mspabi_fltud)
                  0000d57e    00000006                     : exit.c.obj (.text:abort)
                  0000d584    00000004                     : pre_init.c.obj (.text:_system_pre_init)

.cinit     0    0000c000    00000000     

.const     0    0000d588    0000002a     
                  0000d588    00000026     rts430_eabi.lib : _printfi.c.obj (.const:.string)
                  0000d5ae    00000004     main.obj (.const:.string)

.binit     0    0000c000    00000000     

.init_array 
*          0    0000c000    00000000     UNINITIALIZED

TRAPINT    0    0000ffe0    00000002     
                  0000ffe0    00000002     rts430_eabi.lib : int00.asm.obj (.int00)

PORT1      0    0000ffe4    00000002     
                  0000ffe4    00000002     rts430_eabi.lib : int02.asm.obj (.int02)

PORT2      0    0000ffe6    00000002     
                  0000ffe6    00000002     rts430_eabi.lib : int03.asm.obj (.int03)

ADC10      0    0000ffea    00000002     
                  0000ffea    00000002     rts430_eabi.lib : int05.asm.obj (.int05)

USCIAB0TX 
*          0    0000ffec    00000002     
                  0000ffec    00000002     rts430_eabi.lib : int06.asm.obj (.int06)

USCIAB0RX 
*          0    0000ffee    00000002     
                  0000ffee    00000002     Serial.obj (.int07)

TIMER0_A1 
*          0    0000fff0    00000002     
                  0000fff0    00000002     rts430_eabi.lib : int08.asm.obj (.int08)

TIMER0_A0 
*          0    0000fff2    00000002     
                  0000fff2    00000002     rts430_eabi.lib : int09.asm.obj (.int09)

WDT        0    0000fff4    00000002     
                  0000fff4    00000002     rts430_eabi.lib : int10.asm.obj (.int10)

COMPARATORA 
*          0    0000fff6    00000002     
                  0000fff6    00000002     rts430_eabi.lib : int11.asm.obj (.int11)

TIMER1_A1 
*          0    0000fff8    00000002     
                  0000fff8    00000002     rts430_eabi.lib : int12.asm.obj (.int12)

TIMER1_A0 
*          0    0000fffa    00000002     
                  0000fffa    00000002     rts430_eabi.lib : int13.asm.obj (.int13)

NMI        0    0000fffc    00000002     
                  0000fffc    00000002     rts430_eabi.lib : int14.asm.obj (.int14)

.reset     0    0000fffe    00000002     
                  0000fffe    00000002     rts430_eabi.lib : boot.c.obj (.reset)

$fill000   0    0000ffde    00000002     
                  0000ffde    00000002     --HOLE-- [fill = ffff]

MODULE SUMMARY

       Module             code   ro data   rw data
       ------             ----   -------   -------
    .\
       main.obj           124    4         0      
    +--+------------------+------+---------+---------+
       Total:             124    4         0      
                                                  
    .\Hardware\
       Serial.obj         156    2         0      
       ADC.obj            126    0         0      
    +--+------------------+------+---------+---------+
       Total:             282    2         0      
                                                  
    D:\TI\ccs\tools\compiler\ti-cgt-msp430_21.6.1.LTS\lib\rts430_eabi.lib
       frcdivd.c.obj      1144   0         0      
       _printfi.c.obj     716    38        0      
       mpyd.c.obj         704    0         0      
       divd.c.obj         562    0         0      
       frcmpyd.c.obj      370    0         0      
       mult64.asm.obj     276    0         0      
       cvtdf.c.obj        180    0         0      
       fltuld.c.obj       138    0         0      
       cvtfd.c.obj        112    0         0      
       vsprintf.c.obj     96     0         0      
       lsr32.asm.obj      92     0         0      
       lsr16.asm.obj      76     0         0      
       lsr64.c.obj        70     0         0      
       lsl64.c.obj        68     0         0      
       asr32.asm.obj      62     0         0      
       lsl32.asm.obj      62     0         0      
       asr16.asm.obj      44     0         0      
       lsl16.asm.obj      44     0         0      
       mult32.asm.obj     38     0         0      
       memccpy.c.obj      34     0         0      
       mult1632.asm.obj   34     0         0      
       mult3264.asm.obj   30     0         0      
       boot.c.obj         20     2         0      
       div16u.asm.obj     22     0         0      
       memset.c.obj       20     0         0      
       mult16.asm.obj     20     0         0      
       memcpy.c.obj       18     0         0      
       epilog.asm.obj     16     0         0      
       strlen.c.obj       14     0         0      
       isr_trap.asm.obj   8      0         0      
       exit.c.obj         6      0         0      
       fltud.c.obj        6      0         0      
       pre_init.c.obj     4      0         0      
       int00.asm.obj      0      2         0      
       int02.asm.obj      0      2         0      
       int03.asm.obj      0      2         0      
       int05.asm.obj      0      2         0      
       int06.asm.obj      0      2         0      
       int08.asm.obj      0      2         0      
       int09.asm.obj      0      2         0      
       int10.asm.obj      0      2         0      
       int11.asm.obj      0      2         0      
       int12.asm.obj      0      2         0      
       int13.asm.obj      0      2         0      
       int14.asm.obj      0      2         0      
    +--+------------------+------+---------+---------+
       Total:             5106   64        0      
                                                  
       Stack:             0      0         80     
    +--+------------------+------+---------+---------+
       Grand Total:       5512   70        80     


GLOBAL SYMBOLS: SORTED ALPHABETICALLY BY Name 

address   name                  
-------   ----                  
0000004a  ADC10AE0              
000001b0  ADC10CTL0             
000001b2  ADC10CTL1             
00000048  ADC10DTC0             
00000049  ADC10DTC1             
000001b4  ADC10MEM              
000001bc  ADC10SA               
0000d1da  ADC_Init              
00000057  BCSCTL1               
00000058  BCSCTL2               
00000053  BCSCTL3               
0000d57e  C$$EXIT               
00000059  CACTL1                
0000005a  CACTL2                
000010fb  CALBC1_12MHZ          
000010f9  CALBC1_16MHZ          
000010ff  CALBC1_1MHZ           
000010fd  CALBC1_8MHZ           
000010fa  CALDCO_12MHZ          
000010f8  CALDCO_16MHZ          
000010fe  CALDCO_1MHZ           
000010fc  CALDCO_8MHZ           
0000005b  CAPD                  
00000056  DCOCTL                
00000128  FCTL1                 
0000012a  FCTL2                 
0000012c  FCTL3                 
00000000  IE1                   
00000001  IE2                   
00000002  IFG1                  
00000003  IFG2                  
00000022  P1DIR                 
00000025  P1IE                  
00000024  P1IES                 
00000023  P1IFG                 
00000020  P1IN                  
00000021  P1OUT                 
00000027  P1REN                 
00000026  P1SEL                 
00000041  P1SEL2                
0000002a  P2DIR                 
0000002d  P2IE                  
0000002c  P2IES                 
0000002b  P2IFG                 
00000028  P2IN                  
00000029  P2OUT                 
0000002f  P2REN                 
0000002e  P2SEL                 
00000042  P2SEL2                
0000001a  P3DIR                 
00000018  P3IN                  
00000019  P3OUT                 
00000010  P3REN                 
0000001b  P3SEL                 
00000043  P3SEL2                
0000d142  Serial_Init           
0000d4fe  Serial_SendByte       
0000d510  Serial_SendString     
0000d454  Serial_printf         
00000172  TA0CCR0               
00000174  TA0CCR1               
00000176  TA0CCR2               
00000162  TA0CCTL0              
00000164  TA0CCTL1              
00000166  TA0CCTL2              
00000160  TA0CTL                
0000012e  TA0IV                 
00000170  TA0R                  
00000192  TA1CCR0               
00000194  TA1CCR1               
00000196  TA1CCR2               
00000182  TA1CCTL0              
00000184  TA1CCTL1              
00000186  TA1CCTL2              
00000180  TA1CTL                
0000011e  TA1IV                 
00000190  TA1R                  
000010db  TLV_ADC10_1_LEN       
000010da  TLV_ADC10_1_TAG       
000010c0  TLV_CHECKSUM          
000010f7  TLV_DCO_30_LEN        
000010f6  TLV_DCO_30_TAG        
0000d326  TimerA_Init           
0000005d  UCA0ABCTL             
00000062  UCA0BR0               
00000063  UCA0BR1               
00000060  UCA0CTL0              
00000061  UCA0CTL1              
0000005f  UCA0IRRCTL            
0000005e  UCA0IRTCTL            
00000064  UCA0MCTL              
00000066  UCA0RXBUF             
00000065  UCA0STAT              
00000067  UCA0TXBUF             
0000006a  UCB0BR0               
0000006b  UCB0BR1               
00000068  UCB0CTL0              
00000069  UCB0CTL1              
0000006c  UCB0I2CIE             
00000118  UCB0I2COA             
0000011a  UCB0I2CSA             
0000006e  UCB0RXBUF             
0000006d  UCB0STAT              
0000006f  UCB0TXBUF             
0000d564  USCI0RX_ISR           
00000120  WDTCTL                
00000400  __STACK_END           
00000050  __STACK_SIZE          
0000c000  __TI_CINIT_Base       
0000c000  __TI_CINIT_Limit      
0000c000  __TI_CINIT_Warm       
0000d570  __TI_ISR_TRAP         
0000c000  __TI_frcdivd          
0000c96a  __TI_frcmpyd          
0000ffe0  __TI_int00            
0000ffe4  __TI_int02            
0000ffe6  __TI_int03            
0000ffea  __TI_int05            
0000ffec  __TI_int06            
0000ffee  __TI_int07            
0000fff0  __TI_int08            
0000fff2  __TI_int09            
0000fff4  __TI_int10            
0000fff6  __TI_int11            
0000fff8  __TI_int12            
0000fffa  __TI_int13            
0000fffc  __TI_int14            
ffffffff  __TI_pprof_out_hndl   
0000cd06  __TI_printfi_minimal  
ffffffff  __TI_prof_data_size   
ffffffff  __TI_prof_data_start  
ffffffff  __c_args__            
0000cebc  __mspabi_cvtdf        
0000d076  __mspabi_cvtfd        
0000c738  __mspabi_divd         
0000d4ac  __mspabi_divu         
0000d578  __mspabi_fltud        
0000cf70  __mspabi_fltuld       
0000d552  __mspabi_func_epilog_1
0000d550  __mspabi_func_epilog_2
0000d54e  __mspabi_func_epilog_3
0000d54c  __mspabi_func_epilog_4
0000d54a  __mspabi_func_epilog_5
0000d548  __mspabi_func_epilog_6
0000d546  __mspabi_func_epilog_7
0000c478  __mspabi_mpyd         
0000d4ea  __mspabi_mpyi         
0000d4ea  __mspabi_mpyi_sw      
0000d3ea  __mspabi_mpyl         
0000d3ea  __mspabi_mpyl_sw      
0000cbf2  __mspabi_mpyll        
0000cbf2  __mspabi_mpyll_sw     
0000d410  __mspabi_mpyul        
0000d410  __mspabi_mpyul_sw     
0000d474  __mspabi_mpyull       
0000d474  __mspabi_mpyull_sw    
0000d4ac  __mspabi_remu         
0000d3be  __mspabi_slli         
0000d3e6  __mspabi_slli_1       
0000d3d4  __mspabi_slli_10      
0000d3d2  __mspabi_slli_11      
0000d3d0  __mspabi_slli_12      
0000d3ce  __mspabi_slli_13      
0000d3cc  __mspabi_slli_14      
0000d3ca  __mspabi_slli_15      
0000d3e4  __mspabi_slli_2       
0000d3e2  __mspabi_slli_3       
0000d3e0  __mspabi_slli_4       
0000d3de  __mspabi_slli_5       
0000d3dc  __mspabi_slli_6       
0000d3da  __mspabi_slli_7       
0000d3d8  __mspabi_slli_8       
0000d3d6  __mspabi_slli_9       
0000d320  __mspabi_slll_1       
0000d2fc  __mspabi_slll_10      
0000d2f8  __mspabi_slll_11      
0000d2f4  __mspabi_slll_12      
0000d2f0  __mspabi_slll_13      
0000d2ec  __mspabi_slll_14      
0000d2e8  __mspabi_slll_15      
0000d31c  __mspabi_slll_2       
0000d318  __mspabi_slll_3       
0000d314  __mspabi_slll_4       
0000d310  __mspabi_slll_5       
0000d30c  __mspabi_slll_6       
0000d308  __mspabi_slll_7       
0000d304  __mspabi_slll_8       
0000d300  __mspabi_slll_9       
0000d266  __mspabi_sllll        
0000d392  __mspabi_srai         
0000d3ba  __mspabi_srai_1       
0000d3a8  __mspabi_srai_10      
0000d3a6  __mspabi_srai_11      
0000d3a4  __mspabi_srai_12      
0000d3a2  __mspabi_srai_13      
0000d3a0  __mspabi_srai_14      
0000d39e  __mspabi_srai_15      
0000d3b8  __mspabi_srai_2       
0000d3b6  __mspabi_srai_3       
0000d3b4  __mspabi_srai_4       
0000d3b2  __mspabi_srai_5       
0000d3b0  __mspabi_srai_6       
0000d3ae  __mspabi_srai_7       
0000d3ac  __mspabi_srai_8       
0000d3aa  __mspabi_srai_9       
0000d2e2  __mspabi_sral_1       
0000d2be  __mspabi_sral_10      
0000d2ba  __mspabi_sral_11      
0000d2b6  __mspabi_sral_12      
0000d2b2  __mspabi_sral_13      
0000d2ae  __mspabi_sral_14      
0000d2aa  __mspabi_sral_15      
0000d2de  __mspabi_sral_2       
0000d2da  __mspabi_sral_3       
0000d2d6  __mspabi_sral_4       
0000d2d2  __mspabi_sral_5       
0000d2ce  __mspabi_sral_6       
0000d2ca  __mspabi_sral_7       
0000d2c6  __mspabi_sral_8       
0000d2c2  __mspabi_sral_9       
0000d18e  __mspabi_srli         
0000d1d4  __mspabi_srli_1       
0000d1b0  __mspabi_srli_10      
0000d1ac  __mspabi_srli_11      
0000d1a8  __mspabi_srli_12      
0000d1a4  __mspabi_srli_13      
0000d1a0  __mspabi_srli_14      
0000d19c  __mspabi_srli_15      
0000d1d0  __mspabi_srli_2       
0000d1cc  __mspabi_srli_3       
0000d1c8  __mspabi_srli_4       
0000d1c4  __mspabi_srli_5       
0000d1c0  __mspabi_srli_6       
0000d1bc  __mspabi_srli_7       
0000d1b8  __mspabi_srli_8       
0000d1b4  __mspabi_srli_9       
0000d13a  __mspabi_srll_1       
0000d104  __mspabi_srll_10      
0000d0fe  __mspabi_srll_11      
0000d0f8  __mspabi_srll_12      
0000d0f2  __mspabi_srll_13      
0000d0ec  __mspabi_srll_14      
0000d0e6  __mspabi_srll_15      
0000d134  __mspabi_srll_2       
0000d12e  __mspabi_srll_3       
0000d128  __mspabi_srll_4       
0000d122  __mspabi_srll_5       
0000d11c  __mspabi_srll_6       
0000d116  __mspabi_srll_7       
0000d110  __mspabi_srll_8       
0000d10a  __mspabi_srll_9       
0000d220  __mspabi_srlll        
0000d4c2  _c_int00_noinit_noargs
0000fffe  _reset_vector         
000003b0  _stack                
0000d584  _system_pre_init      
0000d57e  abort                 
0000cffa  main                  
0000d432  memccpy               
0000d534  memcpy                
0000d4d6  memset                
0000d556  strlen                
0000d35e  vsprintf              


GLOBAL SYMBOLS: SORTED BY Symbol Address 

address   name                  
-------   ----                  
00000000  IE1                   
00000001  IE2                   
00000002  IFG1                  
00000003  IFG2                  
00000010  P3REN                 
00000018  P3IN                  
00000019  P3OUT                 
0000001a  P3DIR                 
0000001b  P3SEL                 
00000020  P1IN                  
00000021  P1OUT                 
00000022  P1DIR                 
00000023  P1IFG                 
00000024  P1IES                 
00000025  P1IE                  
00000026  P1SEL                 
00000027  P1REN                 
00000028  P2IN                  
00000029  P2OUT                 
0000002a  P2DIR                 
0000002b  P2IFG                 
0000002c  P2IES                 
0000002d  P2IE                  
0000002e  P2SEL                 
0000002f  P2REN                 
00000041  P1SEL2                
00000042  P2SEL2                
00000043  P3SEL2                
00000048  ADC10DTC0             
00000049  ADC10DTC1             
0000004a  ADC10AE0              
00000050  __STACK_SIZE          
00000053  BCSCTL3               
00000056  DCOCTL                
00000057  BCSCTL1               
00000058  BCSCTL2               
00000059  CACTL1                
0000005a  CACTL2                
0000005b  CAPD                  
0000005d  UCA0ABCTL             
0000005e  UCA0IRTCTL            
0000005f  UCA0IRRCTL            
00000060  UCA0CTL0              
00000061  UCA0CTL1              
00000062  UCA0BR0               
00000063  UCA0BR1               
00000064  UCA0MCTL              
00000065  UCA0STAT              
00000066  UCA0RXBUF             
00000067  UCA0TXBUF             
00000068  UCB0CTL0              
00000069  UCB0CTL1              
0000006a  UCB0BR0               
0000006b  UCB0BR1               
0000006c  UCB0I2CIE             
0000006d  UCB0STAT              
0000006e  UCB0RXBUF             
0000006f  UCB0TXBUF             
00000118  UCB0I2COA             
0000011a  UCB0I2CSA             
0000011e  TA1IV                 
00000120  WDTCTL                
00000128  FCTL1                 
0000012a  FCTL2                 
0000012c  FCTL3                 
0000012e  TA0IV                 
00000160  TA0CTL                
00000162  TA0CCTL0              
00000164  TA0CCTL1              
00000166  TA0CCTL2              
00000170  TA0R                  
00000172  TA0CCR0               
00000174  TA0CCR1               
00000176  TA0CCR2               
00000180  TA1CTL                
00000182  TA1CCTL0              
00000184  TA1CCTL1              
00000186  TA1CCTL2              
00000190  TA1R                  
00000192  TA1CCR0               
00000194  TA1CCR1               
00000196  TA1CCR2               
000001b0  ADC10CTL0             
000001b2  ADC10CTL1             
000001b4  ADC10MEM              
000001bc  ADC10SA               
000003b0  _stack                
00000400  __STACK_END           
000010c0  TLV_CHECKSUM          
000010da  TLV_ADC10_1_TAG       
000010db  TLV_ADC10_1_LEN       
000010f6  TLV_DCO_30_TAG        
000010f7  TLV_DCO_30_LEN        
000010f8  CALDCO_16MHZ          
000010f9  CALBC1_16MHZ          
000010fa  CALDCO_12MHZ          
000010fb  CALBC1_12MHZ          
000010fc  CALDCO_8MHZ           
000010fd  CALBC1_8MHZ           
000010fe  CALDCO_1MHZ           
000010ff  CALBC1_1MHZ           
0000c000  __TI_CINIT_Base       
0000c000  __TI_CINIT_Limit      
0000c000  __TI_CINIT_Warm       
0000c000  __TI_frcdivd          
0000c478  __mspabi_mpyd         
0000c738  __mspabi_divd         
0000c96a  __TI_frcmpyd          
0000cbf2  __mspabi_mpyll        
0000cbf2  __mspabi_mpyll_sw     
0000cd06  __TI_printfi_minimal  
0000cebc  __mspabi_cvtdf        
0000cf70  __mspabi_fltuld       
0000cffa  main                  
0000d076  __mspabi_cvtfd        
0000d0e6  __mspabi_srll_15      
0000d0ec  __mspabi_srll_14      
0000d0f2  __mspabi_srll_13      
0000d0f8  __mspabi_srll_12      
0000d0fe  __mspabi_srll_11      
0000d104  __mspabi_srll_10      
0000d10a  __mspabi_srll_9       
0000d110  __mspabi_srll_8       
0000d116  __mspabi_srll_7       
0000d11c  __mspabi_srll_6       
0000d122  __mspabi_srll_5       
0000d128  __mspabi_srll_4       
0000d12e  __mspabi_srll_3       
0000d134  __mspabi_srll_2       
0000d13a  __mspabi_srll_1       
0000d142  Serial_Init           
0000d18e  __mspabi_srli         
0000d19c  __mspabi_srli_15      
0000d1a0  __mspabi_srli_14      
0000d1a4  __mspabi_srli_13      
0000d1a8  __mspabi_srli_12      
0000d1ac  __mspabi_srli_11      
0000d1b0  __mspabi_srli_10      
0000d1b4  __mspabi_srli_9       
0000d1b8  __mspabi_srli_8       
0000d1bc  __mspabi_srli_7       
0000d1c0  __mspabi_srli_6       
0000d1c4  __mspabi_srli_5       
0000d1c8  __mspabi_srli_4       
0000d1cc  __mspabi_srli_3       
0000d1d0  __mspabi_srli_2       
0000d1d4  __mspabi_srli_1       
0000d1da  ADC_Init              
0000d220  __mspabi_srlll        
0000d266  __mspabi_sllll        
0000d2aa  __mspabi_sral_15      
0000d2ae  __mspabi_sral_14      
0000d2b2  __mspabi_sral_13      
0000d2b6  __mspabi_sral_12      
0000d2ba  __mspabi_sral_11      
0000d2be  __mspabi_sral_10      
0000d2c2  __mspabi_sral_9       
0000d2c6  __mspabi_sral_8       
0000d2ca  __mspabi_sral_7       
0000d2ce  __mspabi_sral_6       
0000d2d2  __mspabi_sral_5       
0000d2d6  __mspabi_sral_4       
0000d2da  __mspabi_sral_3       
0000d2de  __mspabi_sral_2       
0000d2e2  __mspabi_sral_1       
0000d2e8  __mspabi_slll_15      
0000d2ec  __mspabi_slll_14      
0000d2f0  __mspabi_slll_13      
0000d2f4  __mspabi_slll_12      
0000d2f8  __mspabi_slll_11      
0000d2fc  __mspabi_slll_10      
0000d300  __mspabi_slll_9       
0000d304  __mspabi_slll_8       
0000d308  __mspabi_slll_7       
0000d30c  __mspabi_slll_6       
0000d310  __mspabi_slll_5       
0000d314  __mspabi_slll_4       
0000d318  __mspabi_slll_3       
0000d31c  __mspabi_slll_2       
0000d320  __mspabi_slll_1       
0000d326  TimerA_Init           
0000d35e  vsprintf              
0000d392  __mspabi_srai         
0000d39e  __mspabi_srai_15      
0000d3a0  __mspabi_srai_14      
0000d3a2  __mspabi_srai_13      
0000d3a4  __mspabi_srai_12      
0000d3a6  __mspabi_srai_11      
0000d3a8  __mspabi_srai_10      
0000d3aa  __mspabi_srai_9       
0000d3ac  __mspabi_srai_8       
0000d3ae  __mspabi_srai_7       
0000d3b0  __mspabi_srai_6       
0000d3b2  __mspabi_srai_5       
0000d3b4  __mspabi_srai_4       
0000d3b6  __mspabi_srai_3       
0000d3b8  __mspabi_srai_2       
0000d3ba  __mspabi_srai_1       
0000d3be  __mspabi_slli         
0000d3ca  __mspabi_slli_15      
0000d3cc  __mspabi_slli_14      
0000d3ce  __mspabi_slli_13      
0000d3d0  __mspabi_slli_12      
0000d3d2  __mspabi_slli_11      
0000d3d4  __mspabi_slli_10      
0000d3d6  __mspabi_slli_9       
0000d3d8  __mspabi_slli_8       
0000d3da  __mspabi_slli_7       
0000d3dc  __mspabi_slli_6       
0000d3de  __mspabi_slli_5       
0000d3e0  __mspabi_slli_4       
0000d3e2  __mspabi_slli_3       
0000d3e4  __mspabi_slli_2       
0000d3e6  __mspabi_slli_1       
0000d3ea  __mspabi_mpyl         
0000d3ea  __mspabi_mpyl_sw      
0000d410  __mspabi_mpyul        
0000d410  __mspabi_mpyul_sw     
0000d432  memccpy               
0000d454  Serial_printf         
0000d474  __mspabi_mpyull       
0000d474  __mspabi_mpyull_sw    
0000d4ac  __mspabi_divu         
0000d4ac  __mspabi_remu         
0000d4c2  _c_int00_noinit_noargs
0000d4d6  memset                
0000d4ea  __mspabi_mpyi         
0000d4ea  __mspabi_mpyi_sw      
0000d4fe  Serial_SendByte       
0000d510  Serial_SendString     
0000d534  memcpy                
0000d546  __mspabi_func_epilog_7
0000d548  __mspabi_func_epilog_6
0000d54a  __mspabi_func_epilog_5
0000d54c  __mspabi_func_epilog_4
0000d54e  __mspabi_func_epilog_3
0000d550  __mspabi_func_epilog_2
0000d552  __mspabi_func_epilog_1
0000d556  strlen                
0000d564  USCI0RX_ISR           
0000d570  __TI_ISR_TRAP         
0000d578  __mspabi_fltud        
0000d57e  C$$EXIT               
0000d57e  abort                 
0000d584  _system_pre_init      
0000ffe0  __TI_int00            
0000ffe4  __TI_int02            
0000ffe6  __TI_int03            
0000ffea  __TI_int05            
0000ffec  __TI_int06            
0000ffee  __TI_int07            
0000fff0  __TI_int08            
0000fff2  __TI_int09            
0000fff4  __TI_int10            
0000fff6  __TI_int11            
0000fff8  __TI_int12            
0000fffa  __TI_int13            
0000fffc  __TI_int14            
0000fffe  _reset_vector         
ffffffff  __TI_pprof_out_hndl   
ffffffff  __TI_prof_data_size   
ffffffff  __TI_prof_data_start  
ffffffff  __c_args__            

[263 symbols]
